// Jest Snapshot v1, https://goo.gl/fbAQLP

exports[`Details View -> Preview Features Panel should match content in snapshot 1`] = `
<DocumentFragment>
  <div
    aria-hidden="false"
    class="ms-Panel is-open ms-Panel--hasCloseButton ms-Panel--custom generic-panel preview-features-panel root-000"
  >
    <div
      class="ms-Overlay overlay-000"
    />
    <div
      class="ms-Panel-main main-000"
      style="width: 550px;"
    >
      <div
        data-is-visible="true"
        style="pointer-events: none; position: fixed;"
        tabindex="0"
      />
      <div
        class="ms-Panel-commands commands-000"
        data-is-visible="true"
      >
        <div
          class="ms-Panel-navigation navigation-000"
        >
          <button
            aria-label="Close preview features panel"
            class="ms-Button ms-Button--icon ms-Panel-closeButton ms-PanelAction-close closeButton-000"
            data-is-focusable="true"
            data-is-visible="true"
            title="Close preview features panel"
            type="button"
          >
            <div
              class="ms-Button-flexContainer flexContainer-000"
            >
              <i
                aria-hidden="true"
                class="ms-Button-icon icon-000"
                data-icon-name="Cancel"
                role="presentation"
              >
                îœ‘
              </i>
            </div>
          </button>
        </div>
      </div>
      <div
        class="ms-Panel-contentInner contentInner-000"
      >
        <div
          class="ms-Panel-header header-000"
        >
          <p
            aria-level="2"
            class="ms-Panel-headerText header-text headerText-000"
            id="Panel000-headerText"
            role="heading"
          >
            Preview features
          </p>
        </div>
        <div
          class="ms-Panel-scrollableContent scrollableContent-000"
          data-is-scrollable="true"
        >
          <div
            class="ms-Panel-content content-000"
          >
            <div
              class="no-preview-feature-message"
              id="no-displayable-feature-flag-message"
            >
              No preview features are currently available to manage. Follow this page for future cool features.
            </div>
          </div>
        </div>
      </div>
      <div
        data-is-visible="true"
        style="pointer-events: none; position: fixed;"
        tabindex="0"
      />
    </div>
  </div>
</DocumentFragment>
`;
