// Jest Snapshot v1, https://goo.gl/fbAQLP

exports[`Popup -> Launch Pad content should match snapshot 1`] = `
<DocumentFragment>
  <div
    class="ms-Fabric launch-panel"
    id="new-launch-pad"
  >
    <header
      class="ms-Grid launch-panel-header"
    >
      <div
        class="ms-Grid-row header-title"
      >
        <div
          aria-level="1"
          class="ms-Grid-col ms-u-sm10 ms-fontColor-neutralPrimary ms-font-xl old"
          role="heading"
        >
          Accessibility Insights for Web
        </div>
        <div
          class="ms-Grid-col ms-u-sm2 feedback-collapseMenuButton-col"
        >
          <div
            class="gear-options-button-component"
          >
            <div
              class="details-view-dropdown"
            >
              <button
                class="ms-Link gear-button root-000"
                type="button"
              >
                <i
                  aria-label="Manage Settings"
                  class="gear-options-icon root-000"
                  data-icon-name="Gear"
                >
                  
                </i>
              </button>
            </div>
          </div>
          <button
            aria-label="Help and Feedback menu"
            class="ms-Button ms-Button--icon root-000"
            data-is-focusable="true"
            id="feedback-collapse-menu-button"
            type="button"
          >
            <div
              class="ms-Button-flexContainer flexContainer-000"
            >
              <i
                aria-hidden="true"
                class="ms-Button-icon icon-000"
                data-icon-name="GlobalNavButton"
                role="presentation"
              >
                
              </i>
            </div>
          </button>
        </div>
      </div>
      <div
        class="header-subtitle ms-fontWeight-semilight ms-fontSize-xs"
      >
        <a
          aria-label="demo video"
          class="ms-Link insights-link root-000"
          href="https://go.microsoft.com/fwlink/?linkid=2082374"
          target="_blank"
          title="watch the 3 minute video introduction"
        >
          Watch 3-minute video introduction
        </a>
         
      </div>
    </header>
    <div
      class="ms-Grid main-section"
    >
      <main>
        <div
          aria-level="2"
          class="launch-pad-title ms-fontWeight-semibold"
          role="heading"
        >
          Launch pad
        </div>
        <hr
          class="ms-fontColor-neutralTertiaryAlt launch-pad-hr"
        />
        <div
          class="launch-pad-main-section"
        >
          <div>
            <div
              class="ms-Grid"
            >
              <div
                class="ms-Grid-row"
              >
                <div
                  aria-hidden="true"
                  class="ms-Grid-col ms-sm3 popup-start-dialog-icon-circle"
                >
                  <i
                    aria-hidden="true"
                    class="popup-start-dialog-icon root-000"
                    data-icon-name="Rocket"
                    role="presentation"
                  >
                    
                  </i>
                </div>
                <div
                  class="ms-Grid-col ms-sm000"
                >
                  <div
                    class="launch-pad-item-title"
                  >
                    <button
                      aria-describedby="launch-pad-item-description-1"
                      class="ms-Link insights-link root-000"
                      id="fast-pass"
                      role="link"
                      type="button"
                    >
                      FastPass
                    </button>
                  </div>
                  <div
                    class="launch-pad-item-description"
                    id="launch-pad-item-description-000"
                  >
                    Run two tests to find the most common accessibility issues in less than 5 minutes.
                  </div>
                </div>
              </div>
            </div>
            <hr
              class="ms-fontColor-neutralTertiaryAlt launch-pad-hr"
            />
          </div>
          <div>
            <div
              class="ms-Grid"
            >
              <div
                class="ms-Grid-row"
              >
                <div
                  aria-hidden="true"
                  class="ms-Grid-col ms-sm3 popup-start-dialog-icon-circle"
                >
                  <i
                    aria-hidden="true"
                    class="popup-start-dialog-icon root-000"
                    data-icon-name="testBeaker"
                    role="presentation"
                  >
                    
                  </i>
                </div>
                <div
                  class="ms-Grid-col ms-sm000"
                >
                  <div
                    class="launch-pad-item-title"
                  >
                    <button
                      aria-describedby="launch-pad-item-description-2"
                      class="ms-Link insights-link root-000"
                      id="assessment"
                      role="link"
                      type="button"
                    >
                      Assessment
                    </button>
                  </div>
                  <div
                    class="launch-pad-item-description"
                    id="launch-pad-item-description-000"
                  >
                    Walk through a guided process for assessing accessibility compliance.
                  </div>
                </div>
              </div>
            </div>
            <hr
              class="ms-fontColor-neutralTertiaryAlt launch-pad-hr"
            />
          </div>
          <div>
            <div
              class="ms-Grid"
            >
              <div
                class="ms-Grid-row"
              >
                <div
                  aria-hidden="true"
                  class="ms-Grid-col ms-sm3 popup-start-dialog-icon-circle"
                >
                  <i
                    aria-hidden="true"
                    class="popup-start-dialog-icon root-000"
                    data-icon-name="Medical"
                    role="presentation"
                  >
                    
                  </i>
                </div>
                <div
                  class="ms-Grid-col ms-sm000"
                >
                  <div
                    class="launch-pad-item-title"
                  >
                    <button
                      aria-describedby="launch-pad-item-description-3"
                      class="ms-Link insights-link root-000"
                      id="ad-hoc-tools"
                      role="link"
                      type="button"
                    >
                      Ad hoc tools
                    </button>
                  </div>
                  <div
                    class="launch-pad-item-description"
                    id="launch-pad-item-description-000"
                  >
                    Get quick access to visualizations that help you identify accessibility issues.
                  </div>
                </div>
              </div>
            </div>
            <hr
              class="ms-fontColor-neutralTertiaryAlt launch-pad-hr"
            />
          </div>
        </div>
      </main>
      <div
        class="launch-pad-footer"
        role="complementary"
      >
        <div>
          Version 1.0.4 | Powered by 
          <a
            class="ms-Link insights-link root-000"
            href="https://www.npmjs.com/package/axe-core"
            target="_blank"
            title="Navigate to axe-core npm page"
          >
            axe-core
          </a>
           3.3.2
        </div>
      </div>
    </div>
  </div>
</DocumentFragment>
`;
