// Jest Snapshot v1, https://goo.gl/fbAQLP

exports[`Settings Dropdown content should match snapshot 1`] = `
<DocumentFragment>
  <div
    class="ms-ContextualMenu-container container-000"
    id="settings-dropdown-menu"
    tabindex="-1"
  >
    <div
      class="ms-FocusZone css-000 ms-ContextualMenu is-open root-000"
      data-focuszone-id="FocusZone000"
      role="presentation"
    >
      <ul
        class="ms-ContextualMenu-list is-open list-000"
        role="menu"
      >
        <li
          class="ms-ContextualMenu-item item-000"
          role="presentation"
        >
          <button
            aria-disabled="false"
            aria-posinset="1"
            aria-setsize="2"
            class="ms-ContextualMenu-link root-000"
            name="Settings"
            role="menuitem"
            tabindex="0"
          >
            <div
              class="ms-ContextualMenu-linkContent linkContent-000"
            >
              <i
                aria-hidden="true"
                class="ms-ContextualMenu-icon icon-000"
                data-icon-name="gear"
                role="presentation"
              >
                
              </i>
              <span
                class="ms-ContextualMenu-itemText label-000"
              >
                Settings
              </span>
            </div>
          </button>
        </li>
        <li
          class="ms-ContextualMenu-item preview-features-drop-down-button item-000"
          role="presentation"
        >
          <button
            aria-disabled="false"
            aria-posinset="2"
            aria-setsize="2"
            class="ms-ContextualMenu-link root-000"
            name="Preview features"
            role="menuitem"
            tabindex="-1"
          >
            <div
              class="ms-ContextualMenu-linkContent linkContent-000"
            >
              <i
                aria-hidden="true"
                class="ms-ContextualMenu-icon icon-000"
                data-icon-name="giftboxOpen"
                role="presentation"
              >
                
              </i>
              <span
                class="ms-ContextualMenu-itemText label-000"
              >
                Preview features
              </span>
            </div>
          </button>
        </li>
      </ul>
    </div>
  </div>
</DocumentFragment>
`;
