// Jest Snapshot v1, https://goo.gl/fbAQLP

exports[`Header renders per snapshot 1`] = `
<header
  className="headerBar"
>
  <Component
    deps={
      Object {
        "applicationTitle": "APPLICATION_TITLE",
      }
    }
  />
  <span
    className="headerTitle"
  >
    APPLICATION_TITLE
  </span>
  <div />
  <div
    className="spacer"
  />
  <div
    className="farItems"
  />
</header>
`;
